Intel-8051 Macro Assembler - Version 1.00

      1    0000                           
      2    0000                                   ORG     0000H
      3    0000     90 00 35              START:  MOV     DPTR,#TABLE
      4    0003     7B 0B                         MOV     R3,#11
      5    0005                           ;
      6    0005     7A 64                 LOOP:   MOV     R2,#100
      7    0007     11 17                 SCAN:   ACALL   SCAN1
      8    0009     DA FC                         DJNZ    R2,SCAN
      9    000B                           ;
     10    000B     A3                            INC     DPTR
     11    000C     A3                            INC     DPTR
     12    000D     A3                            INC     DPTR
     13    000E     A3                            INC     DPTR
     14    000F     A3                            INC     DPTR
     15    0010     A3                    	  INC     DPTR
     16    0011     A3                    	  INC     DPTR
     17    0012     A3                    	  INC     DPTR
     18    0013                           ;
     19    0013     DB F0                         DJNZ    R3,LOOP
     20    0015     01 00                         AJMP    START
     21    0017                           ;
     22    0017     79 00                 SCAN1:  MOV     R1,#00H
     23    0019     7D FE                         MOV     R5,#11111110B
     24    001B     7C 08                         MOV     R4,#08
     25    001D                           ;
     26    001D     E9                    LOOP1:  MOV     A,R1
     27    001E     93                            MOVC    A,@A+DPTR
     28    001F                           ;
     29    001F     F5 80                         MOV     P0,A
     30    0021     8D 90                         MOV     P1,R5
     31    0023                           ;
     32    0023     7E 05                         MOV     R6,#5
     33    0025     7F C8                 DL1:    MOV     R7,#200
     34    0027     DF FE                 DL2:    DJNZ    R7,DL2
     35    0029     DE FA                         DJNZ    R6,DL1
     36    002B                           ;
     37    002B     43 90 FF                      ORL     P1,#11111111B
     38    002E                           ;
     39    002E     ED                            MOV     A,R5
     40    002F     23                            RL      A
     41    0030     FD                            MOV     R5,A
     42    0031     09                            INC     R1
     43    0032     DC E9                         DJNZ    R4,LOOP1
     44    0034     22                            RET
     45    0035                           ; 0
     46    0035                           TABLE:  
     47    0035                           
     48    0035     BB                    	  DB      10111011B
     49    0036     5D                    	  DB      01011101B
     50    0037     6D                    	  DB      01101101B
     51    0038     75                    	  DB      01110101B
     52    0039     BB                    	  DB      10111011B
     53    003A     FF                    	  DB      11111111B
     54    003B     FF                    	  DB      11111111B
     55    003C     FF                    	  DB      11111111B
     56    003D                           	
     57    003D                           
     58    003D     FF                     	  DB      11111111B
     59    003E     FD                    	  DB      11111101B
     60    003F     01                    	  DB      00000001B
     61    0040     BD                    	  DB      10111101B
     62    0041     FF                    	  DB      11111111B
     63    0042     FF                    	  DB      11111111B
     64    0043     FF                    	  DB      11111111B
     65    0044     FF                    	  DB      11111111B
     66    0045                           	 
     67    0045     F7                      	  DB      11110111B 
     68    0046     01                    	  DB      00000001B	
     69    0047     B7                    	  DB      10110111B
     70    0048     D7                    	  DB      11010111B
     71    0049     E7                    	  DB      11100111B
     72    004A     FF                    	  DB      11111111B
     73    004B     FF                    	  DB      11111111B
     74    004C     FF                    	  DB      11111111B
     75    004D                           
     76    004D     FF                     	  DB      11111111B
     77    004E     FD                    	  DB      11111101B
     78    004F     01                    	  DB      00000001B
     79    0050     BD                    	  DB      10111101B
     80    0051     FF                    	  DB      11111111B
     81    0052     FF                    	  DB      11111111B
     82    0053     FF                    	  DB      11111111B
     83    0054     FF                    	  DB      11111111B
     84    0055                           	  
     85    0055     83                      	  DB      10000011B
     86    0056     7D                    	  DB      01111101B
     87    0057     7D                            DB      01111101B
     88    0058     7D                    	  DB      01111101B
     89    0059     83                    	  DB      10000011B
     90    005A     FF                    	  DB      11111111B
     91    005B     FF                    	  DB      11111111B
     92    005C     FF                    	  DB      11111111B
     93    005D                           
     94    005D     F7                    	  DB      11110111B 
     95    005E     01                    	  DB      00000001B	
     96    005F     B7                    	  DB      10110111B
     97    0060     D7                    	  DB      11010111B
     98    0061     E7                    	  DB      11100111B
     99    0062     FF                    	  DB      11111111B
    100    0063     FF                    	  DB      11111111B
    101    0064     FF                    	  DB      11111111B
    102    0065                           
    103    0065     33                    	  DB      00110011B
    104    0066     4D                    	  DB      01001101B
    105    0067     6D                    	  DB      01101101B
    106    0068     79                    	  DB      01111001B
    107    0069     7B                    	  DB      01111011B
    108    006A     FF                    	  DB      11111111B
    109    006B     FF                    	  DB      11111111B
    110    006C     FF                    	  DB      11111111B
    111    006D                           		
    112    006D     FD                    	  DB      11111101B
    113    006E     8D                    	  DB      10001101B
    114    006F     75                    	  DB      01110101B
    115    0070     79                    	  DB      01111001B
    116    0071     BD                    	  DB      10111101B
    117    0072     FF                    	  DB      11111111B
    118    0073     FF                    	  DB      11111111B
    119    0074     FF                    	  DB      11111111B
    120    0075                           
    121    0075     83                    	  DB      10000011B
    122    0076     7D                    	  DB      01111101B
    123    0077     7D                            DB      01111101B
    124    0078     7D                    	  DB      01111101B
    125    0079     83                    	  DB      10000011B
    126    007A     FF                    	  DB      11111111B
    127    007B     FF                    	  DB      11111111B
    128    007C     FF                    	  DB      11111111B
    129    007D                           
    130    007D     83                    	  DB      10000011B
    131    007E     7D                    	  DB      01111101B
    132    007F     7D                            DB      01111101B
    133    0080     7D                    	  DB      01111101B
    134    0081     83                    	  DB      10000011B
    135    0082     FF                    	  DB      11111111B
    136    0083     FF                    	  DB      11111111B
    137    0084     FF                    	  DB      11111111B
    138    0085                           
    139    0085     3F                    	  DB      00111111B
    140    0086     5F                    	  DB      01011111B
    141    0087     61                    	  DB      01100001B
    142    0088     7F                    	  DB      01111111B
    143    0089     7F                    	  DB      01111111B
    144    008A     FF                    	  DB      11111111B
    145    008B     FF                    	  DB      11111111B
    146    008C     FF                    	  DB      11111111B
    147    008D                           
    148    008D                           
    149    008D                                   END
